// Jest Snapshot v1, https://goo.gl/fbAQLP

exports[`renders correctly if there is no items present 1`] = `
<div
  className="calculator_header"
>
  <h1
    className="header"
  >
    Let us do some math!
  </h1>
  <div
    className="calculator_page"
  >
    <div
      className="calculator"
    >
      <div
        className="calculator_container"
      >
        <div
          className="calculator_screen"
        >
          0
        </div>
        <div
          className="calculator_UI"
        >
          <button
            onClick={[Function]}
            type="button"
            value="clear"
          >
            AC
          </button>
          <button
            onClick={[Function]}
            type="button"
            value="pos-neg"
          >
            +/-
          </button>
          <button
            onClick={[Function]}
            type="button"
            value="%"
          >
            %
          </button>
          <button
            className="btn_opaque"
            onClick={[Function]}
            type="button"
            value="/"
          >
            รท
          </button>
          <button
            onClick={[Function]}
            type="button"
            value="7"
          >
            7
          </button>
          <button
            onClick={[Function]}
            type="button"
            value="8"
          >
            8
          </button>
          <button
            onClick={[Function]}
            type="button"
            value="9"
          >
            9
          </button>
          <button
            className="btn_opaque"
            onClick={[Function]}
            type="button"
            value="*"
          >
            x
          </button>
          <button
            onClick={[Function]}
            type="button"
            value="4"
          >
            4
          </button>
          <button
            onClick={[Function]}
            type="button"
            value="5"
          >
            5
          </button>
          <button
            onClick={[Function]}
            type="button"
            value="6"
          >
            6
          </button>
          <button
            className="btn_opaque"
            onClick={[Function]}
            type="button"
            value="-"
          >
            -
          </button>
          <button
            onClick={[Function]}
            type="button"
            value="1"
          >
            1
          </button>
          <button
            onClick={[Function]}
            type="button"
            value="2"
          >
            2
          </button>
          <button
            onClick={[Function]}
            type="button"
            value="3"
          >
            3
          </button>
          <button
            className="btn_opaque"
            onClick={[Function]}
            type="button"
            value="+"
          >
            +
          </button>
          <button
            className="btn_large"
            onClick={[Function]}
            type="button"
            value="0"
          >
            0
          </button>
          <button
            onClick={[Function]}
            type="button"
            value="."
          >
            .
          </button>
          <button
            className="btn_opaque"
            onClick={[Function]}
            type="button"
            value="="
          >
            =
          </button>
        </div>
      </div>
    </div>
  </div>
</div>
`;
